// Jest Snapshot v1, https://goo.gl/fbAQLP

exports[`render defaults 1`] = `
<div
  className="property-list-container"
>
  <div
    className="property-list-presentation-container"
  >
    <div>
      <img
        alt="Hostmaker logo"
        src="https://hostmaker-website.imgix.net/assets/images/logos/hostmaker-logo.svg?auto=compress%2Cformat&fit=crop&ixlib=react-8.4.0&h=38&w=200"
      />
    </div>
    <div
      className="property-table"
    >
      <div
        className="property-item-row-title"
      >
        <div
          className="property-item-owner"
        >
          Owner
        </div>
        <div
          className="property-item-address"
        >
          Address
        </div>
        <div
          className="property-item-income-generated"
        >
          Income generated
        </div>
      </div>
      <div
        className="property-item-row"
      >
        <div
          className="property-item-owner"
        >
          33 miles away
        </div>
        <div
          className="property-item-address"
        >
          <div>
            
          </div>
          <div />
          <div />
          <div>
            
          </div>
          <div>
            SG4 7JD
          </div>
          <div>
            London
          </div>
          <div>
            U.K.
          </div>
        </div>
        <div
          className="property-item-income-generated"
        >
          2000.34
        </div>
        <div
          className="service-area-marker-container"
        >
          <div
            className="service-area-marker-unknow-state"
            title="Service area is beeing checked at the moment."
          >
            <svg>
              <path
                clipRule="evenodd"
                d="M7 .01C3.144.01.008 3.148.008 7.004c0 4.483 5.967 11.765 6.22 12.072l.772.936.771-.936c.254-.308 6.221-7.59 6.221-12.072C13.992 3.147 10.856.01 7 .01zm0 2a5 5 0 0 1 4.992 4.994c0 2.705-3.114 7.357-4.992 9.822-1.878-2.463-4.992-7.113-4.992-9.822A5 5 0 0 1 7 2.01zM4.5 7a2.5 2.5 0 1 1 5 0 2.5 2.5 0 0 1-5 0z"
                fill="#1F242B"
                fillRule="evenodd"
              />
            </svg>
          </div>
        </div>
      </div>
    </div>
    
  </div>
</div>
`;
