// Jest Snapshot v1, https://goo.gl/fbAQLP

exports[`LoadingSpinner renders correctly when loading 1`] = `
<div
  className="spinner-container"
>
  <div
    className="overlay"
  />
  <div
    className="spinner"
  />
</div>
`;

exports[`LoadingSpinner renders correctly when not loading 1`] = `null`;
